                  __________________________________
                  [43m [34mNewbie Validator V1.0a by [r]FoX 
[40m  .--------------/[31m¯¯¯¯¯¯¯¯¯¯¯¯¯¯¯¯¯¯¯¯¯¯¯¯¯¯¯¯¯¯¯¯¯¯[34m\--------------.
  |                [31mNEW USERS FOUND ON THIS SYSTEM !                [34m|
  |               [32m¯¯¯¯¯¯¯¯¯¯¯¯¯¯¯¯¯¯¯¯¯¯¯¯¯¯¯¯¯¯¯¯¯¯               [34m|
  |    [37mName       Location        FirstLogin       TotalLogins     [34m|
  |[36m>--------------------------------------------------------------<[34m|
